2026-09-15 23:23:29 | [INFO   ] | Логгер успешно сконфигурирован
2026-09-15 23:23:29 | [INFO   ] | === Приложение запущено ===
2026-09-15 23:23:29 | [INFO   ] | Анализ запроса: (3, 3, 3)
2026-09-15 23:23:29 | [INFO   ] | Валидация: A='3', B='3', C='3'
2026-09-15 23:23:29 | [INFO   ] | Тип определен: равносторонний
2026-09-15 23:23:29 | [DEBUG  ] | Координаты: [(5, 5), (95, 5), (50, 82)]
2026-09-15 23:23:29 | [INFO   ] | Результат анализа: {'type': 'равносторонний', 'coordinates': [(5, 5), (95, 5), (50, 82)]}
2026-09-15 23:23:29 | [INFO   ] | Анализ запроса: (5, 5, 8)
2026-09-15 23:23:29 | [INFO   ] | Валидация: A='5', B='5', C='8'
2026-09-15 23:23:29 | [INFO   ] | Тип определен: равнобедренный
2026-09-15 23:23:29 | [DEBUG  ] | Координаты: [(5, 5), (61, 5), (-10, 59)]
2026-09-15 23:23:29 | [INFO   ] | Результат анализа: {'type': 'равнобедренный', 'coordinates': [(5, 5), (61, 5), (-10, 59)]}
2026-09-15 23:23:29 | [INFO   ] | Анализ запроса: (3, 4, 5)
2026-09-15 23:23:29 | [INFO   ] | Валидация: A='3', B='4', C='5'
2026-09-15 23:23:29 | [INFO   ] | Тип определен: разносторонний
2026-09-15 23:23:29 | [DEBUG  ] | Координаты: [(5, 5), (59, 5), (5, 77)]
2026-09-15 23:23:29 | [INFO   ] | Результат анализа: {'type': 'разносторонний', 'coordinates': [(5, 5), (59, 5), (5, 77)]}
2026-09-15 23:23:29 | [INFO   ] | Анализ запроса: (1, 2, 10)
2026-09-15 23:23:29 | [INFO   ] | Валидация: A='1', B='2', C='10'
2026-09-15 23:23:29 | [WARNING] | Нарушено неравенство треугольника: [1.0, 2.0, 10.0]
2026-09-15 23:23:29 | [INFO   ] | Результат анализа: {'type': 'не треугольник', 'coordinates': [(-1, -1), (-1, -1), (-1, -1)]}
2026-09-15 23:23:29 | [INFO   ] | Анализ запроса: (-1, 5, 5)
2026-09-15 23:23:29 | [INFO   ] | Валидация: A='-1', B='5', C='5'
2026-09-15 23:23:29 | [WARNING] | Стороны <= 0: [-1.0, 5.0, 5.0]
2026-09-15 23:23:29 | [INFO   ] | Результат анализа: {'type': 'не треугольник', 'coordinates': [(-1, -1), (-1, -1), (-1, -1)]}
2026-09-15 23:23:29 | [INFO   ] | Анализ запроса: (abc, 5, 5)
2026-09-15 23:23:29 | [INFO   ] | Валидация: A='abc', B='5', C='5'
2026-09-15 23:23:29 | [ERROR  ] | Некорректные данные (не числа)
2026-09-15 23:23:29 | [INFO   ] | Результат анализа: {'type': '', 'coordinates': [(-2, -2), (-2, -2), (-2, -2)]}
2026-09-15 23:23:29 | [INFO   ] | Анализ запроса: (0, 0, 0)
2026-09-15 23:23:29 | [INFO   ] | Валидация: A='0', B='0', C='0'
2026-09-15 23:23:29 | [WARNING] | Стороны <= 0: [0.0, 0.0, 0.0]
2026-09-15 23:23:29 | [INFO   ] | Результат анализа: {'type': 'не треугольник', 'coordinates': [(-1, -1), (-1, -1), (-1, -1)]}
2026-09-15 23:23:29 | [INFO   ] | === Приложение завершено ===
